Initialized native services in: C:\Users\kenne\.gradle\native
Initialized jansi services in: C:\Users\kenne\.gradle\native
Removing 0 daemon stop events from registry
Previous Daemon (21928) stopped at Mon Jun 08 21:36:54 BRT 2026 by user or operating system
Starting a Gradle Daemon, 4 busy and 1 stopped Daemons could not be reused, use --status for details
Starting process 'Gradle build daemon'. Working directory: C:\Users\kenne\.gradle\daemon\9.3.1 Command: C:\Program Files\Android\Android Studio\jbr\bin\java.exe --add-opens=java.base/java.lang=ALL-UNNAMED --add-opens=java.base/java.lang.invoke=ALL-UNNAMED --add-opens=java.base/java.util=ALL-UNNAMED --add-opens=java.prefs/java.util.prefs=ALL-UNNAMED --add-exports=jdk.compiler/com.sun.tools.javac.api=ALL-UNNAMED --add-exports=jdk.compiler/com.sun.tools.javac.util=ALL-UNNAMED --add-opens=java.base/java.util=ALL-UNNAMED --add-opens=java.prefs/java.util.prefs=ALL-UNNAMED --add-opens=java.base/java.nio.charset=ALL-UNNAMED --add-opens=java.base/java.net=ALL-UNNAMED --add-opens=java.base/java.util.concurrent=ALL-UNNAMED --add-opens=java.base/java.util.concurrent.atomic=ALL-UNNAMED --add-opens=java.xml/javax.xml.namespace=ALL-UNNAMED --add-opens=java.base/java.time=ALL-UNNAMED -Xmx4g -Dfile.encoding=UTF-8 -Duser.country=BR -Duser.language=pt -Duser.variant -cp C:\Users\kenne\.gradle\wrapper\dists\gradle-9.3.1-bin\23ovyewtku6u96viwx3xl3oks\gradle-9.3.1\lib\gradle-daemon-main-9.3.1.jar -javaagent:C:\Users\kenne\.gradle\wrapper\dists\gradle-9.3.1-bin\23ovyewtku6u96viwx3xl3oks\gradle-9.3.1\lib\agents\gradle-instrumentation-agent-9.3.1.jar org.gradle.launcher.daemon.bootstrap.GradleDaemon 9.3.1
Successfully started process 'Gradle build daemon'
An attempt to start the daemon took 24.213 secs.
The client will now receive all logging from the daemon (pid: 25472). The daemon log file: C:\Users\kenne\.gradle\daemon\9.3.1\daemon-25472.out.log
Starting build in new daemon [memory: 4 GiB]
Using 4 worker leases.
Operational build model parameters: {requiresToolingModels=false, parallelProjectExecution=true, configureOnDemand=false, configurationCache=true, configurationCacheParallelStore=false, configurationCacheParallelLoad=true, isolatedProjects=false, parallelProjectConfiguration=false, intermediateModelCache=false, parallelToolingApiActions=true, invalidateCoupledProjects=false, modelAsProjectDependency=false, resilientModelBuilding=false}
Received JVM installation metadata from 'C:\Program Files\Android\Android Studio\jbr': {JAVA_HOME=C:\Program Files\Android\Android Studio\jbr, JAVA_VERSION=21.0.10, JAVA_VENDOR=JetBrains s.r.o., RUNTIME_NAME=OpenJDK Runtime Environment, RUNTIME_VERSION=21.0.10+-14961533-b1163.108, VM_NAME=OpenJDK 64-Bit Server VM, VM_VERSION=21.0.10+-14961533-b1163.108, VM_VENDOR=JetBrains s.r.o., OS_ARCH=amd64}
Encryption key source: default Gradle keystore (pkcs12)
Reusing configuration cache.
Watching the file system is configured to be enabled if available
Now considering [C:\Tessera] as hierarchies to watch
File system watching is active
Using local directory build cache for the root build (location = C:\Users\kenne\.gradle\caches\build-cache-1, remove unused entries = after 7 days).
Tasks to be executed: [task ':app:preBuild', task ':app:preDebugBuild', task ':app:generateDebugBuildConfig', task ':app:generateDebugResources', task ':app:packageDebugResources', task ':app:processDebugNavigationResources', task ':app:parseDebugLocalResources', task ':app:generateDebugRFile', task ':app:kspDebugKotlin', task ':app:compileDebugKotlin']
Tasks that were excluded: []
Resolve mutations for :app:preBuild (Thread[#59,included builds,5,main]) started.
:app:preBuild (Thread[#59,included builds,5,main]) started.

> Task :app:preBuild UP-TO-DATE
Skipping task ':app:preBuild' as it has no actions.
Resolve mutations for :app:preDebugBuild (Thread[#60,Execution worker,5,main]) started.
:app:preDebugBuild (Thread[#59,included builds,5,main]) started.

> Task :app:preDebugBuild UP-TO-DATE
Skipping task ':app:preDebugBuild' as it has no actions.
Resolve mutations for :app:generateDebugBuildConfig (Thread[#59,included builds,5,main]) started.
Resolve mutations for :app:generateDebugResources (Thread[#60,Execution worker,5,main]) started.
Resolve mutations for :app:processDebugNavigationResources (Thread[#61,Execution worker Thread 2,5,main]) started.
:app:generateDebugBuildConfig (Thread[#59,included builds,5,main]) started.
:app:processDebugNavigationResources (Thread[#62,Execution worker Thread 3,5,main]) started.
:app:generateDebugResources (Thread[#61,Execution worker Thread 2,5,main]) started.
Build 3891f36e-03b9-4fd6-8a71-1afc1020ded4 is started

> Task :app:generateDebugBuildConfig UP-TO-DATE
Build cache key for task ':app:generateDebugBuildConfig' is 1e9e879eeb2a6b06335b245881c19a1b
Skipping task ':app:generateDebugBuildConfig' as it is up-to-date.
Resolve mutations for :app:kspDebugKotlin (Thread[#59,included builds,5,main]) started.
:app:kspDebugKotlin (Thread[#59,included builds,5,main]) started.

> Task :app:generateDebugResources UP-TO-DATE
Build cache key for task ':app:generateDebugResources' is 3f5cbb426a6904d2161ffbfa9a1621cd
Skipping task ':app:generateDebugResources' as it is up-to-date.
Resolve mutations for :app:packageDebugResources (Thread[#61,Execution worker Thread 2,5,main]) started.
:app:packageDebugResources (Thread[#61,Execution worker Thread 2,5,main]) started.

> Task :app:packageDebugResources UP-TO-DATE
Build cache key for task ':app:packageDebugResources' is 712126f046c4a971d9e41de12df2c9bf
Skipping task ':app:packageDebugResources' as it is up-to-date.

> Task :app:processDebugNavigationResources UP-TO-DATE
Build cache key for task ':app:processDebugNavigationResources' is 5477b03184751cf8dc54d2d35ee8b20f
Skipping task ':app:processDebugNavigationResources' as it is up-to-date.
Resolve mutations for :app:parseDebugLocalResources (Thread[#62,Execution worker Thread 3,5,main]) started.
:app:parseDebugLocalResources (Thread[#62,Execution worker Thread 3,5,main]) started.

> Task :app:parseDebugLocalResources UP-TO-DATE
Build cache key for task ':app:parseDebugLocalResources' is 33498ce2b15f88b90beab6f91c87cb0f
Skipping task ':app:parseDebugLocalResources' as it is up-to-date.
Resolve mutations for :app:generateDebugRFile (Thread[#61,Execution worker Thread 2,5,main]) started.
:app:generateDebugRFile (Thread[#61,Execution worker Thread 2,5,main]) started.

> Task :app:generateDebugRFile UP-TO-DATE
Build cache key for task ':app:generateDebugRFile' is ff150d312b900b07b3e26959464169be
Skipping task ':app:generateDebugRFile' as it is up-to-date.

> Task :app:kspDebugKotlin UP-TO-DATE
Build cache key for task ':app:kspDebugKotlin' is 7947e7c85fa1c70b013eec82cb752010
Skipping task ':app:kspDebugKotlin' as it is up-to-date.
Resolve mutations for :app:compileDebugKotlin (Thread[#59,included builds,5,main]) started.
:app:compileDebugKotlin (Thread[#59,included builds,5,main]) started.

> Task :app:compileDebugKotlin
file or directory 'C:\Tessera\app\src\main\kotlin', not found
file or directory 'C:\Tessera\app\src\debug\java', not found
file or directory 'C:\Tessera\app\src\debug\kotlin', not found
file or directory 'C:\Tessera\app\src\debug\java', not found
file or directory 'C:\Tessera\app\src\main\kotlin', not found
file or directory 'C:\Tessera\app\src\debug\java', not found
file or directory 'C:\Tessera\app\src\debug\kotlin', not found
file or directory 'C:\Tessera\app\src\debug\java', not found
file or directory 'C:\Tessera\app\src\main\kotlin', not found
file or directory 'C:\Tessera\app\src\debug\java', not found
file or directory 'C:\Tessera\app\src\debug\kotlin', not found
file or directory 'C:\Tessera\app\src\debug\java', not found
Build cache key for task ':app:compileDebugKotlin' is 1c77b15323c7ee47760f9bf9fe779ab5
Task ':app:compileDebugKotlin' is not up-to-date because:
  Output property 'destinationDirectory' file C:\Tessera\app\build\intermediates\built_in_kotlinc\debug\compileDebugKotlin\classes\META-INF has been removed.
  Output property 'destinationDirectory' file C:\Tessera\app\build\intermediates\built_in_kotlinc\debug\compileDebugKotlin\classes\META-INF\app.kotlin_module has been removed.
  Output property 'destinationDirectory' file C:\Tessera\app\build\intermediates\built_in_kotlinc\debug\compileDebugKotlin\classes\com has been removed.
  and more...
The input changes require a full rebuild for incremental task ':app:compileDebugKotlin'.
file or directory 'C:\Tessera\app\src\main\kotlin', not found
file or directory 'C:\Tessera\app\src\main\kotlin', not found
file or directory 'C:\Tessera\app\src\debug\java', not found
file or directory 'C:\Tessera\app\src\debug\java', not found
file or directory 'C:\Tessera\app\src\debug\kotlin', not found
file or directory 'C:\Tessera\app\src\debug\kotlin', not found
file or directory 'C:\Tessera\app\src\debug\java', not found
file or directory 'C:\Tessera\app\src\debug\java', not found
file or directory 'C:\Tessera\app\build\generated\ksp\debug\java', not found
file or directory 'C:\Tessera\app\src\main\kotlin', not found
file or directory 'C:\Tessera\app\src\debug\java', not found
file or directory 'C:\Tessera\app\src\debug\kotlin', not found
file or directory 'C:\Tessera\app\src\debug\java', not found
file or directory 'C:\Tessera\app\src\main\kotlin', not found
file or directory 'C:\Tessera\app\src\main\kotlin', not found
file or directory 'C:\Tessera\app\src\debug\java', not found
file or directory 'C:\Tessera\app\src\debug\java', not found
file or directory 'C:\Tessera\app\src\debug\kotlin', not found
file or directory 'C:\Tessera\app\src\debug\kotlin', not found
file or directory 'C:\Tessera\app\src\debug\java', not found
file or directory 'C:\Tessera\app\src\debug\java', not found
file or directory 'C:\Tessera\app\build\generated\ksp\debug\java', not found
file or directory 'C:\Tessera\app\src\main\kotlin', not found
file or directory 'C:\Tessera\app\src\main\kotlin', not found
file or directory 'C:\Tessera\app\src\debug\java', not found
file or directory 'C:\Tessera\app\src\debug\java', not found
file or directory 'C:\Tessera\app\src\debug\kotlin', not found
file or directory 'C:\Tessera\app\src\debug\kotlin', not found
file or directory 'C:\Tessera\app\src\debug\java', not found
file or directory 'C:\Tessera\app\src\debug\java', not found
file or directory 'C:\Tessera\app\build\generated\ksp\debug\java', not found
file or directory 'C:\Tessera\app\src\main\kotlin', not found
file or directory 'C:\Tessera\app\src\main\kotlin', not found
file or directory 'C:\Tessera\app\src\debug\java', not found
file or directory 'C:\Tessera\app\src\debug\java', not found
file or directory 'C:\Tessera\app\src\debug\kotlin', not found
file or directory 'C:\Tessera\app\src\debug\kotlin', not found
file or directory 'C:\Tessera\app\src\debug\java', not found
file or directory 'C:\Tessera\app\src\debug\java', not found
file or directory 'C:\Tessera\app\build\generated\ksp\debug\java', not found
Kotlin source files: C:\Tessera\app\src\main\java\com\example\ApartmentScreen.kt, C:\Tessera\app\src\main\java\com\example\ChronosScreen.kt, C:\Tessera\app\src\main\java\com\example\DailyScreen.kt, C:\Tessera\app\src\main\java\com\example\data\AppDatabase.kt, C:\Tessera\app\src\main\java\com\example\data\Models.kt, C:\Tessera\app\src\main\java\com\example\data\TesseraDao.kt, C:\Tessera\app\src\main\java\com\example\data\TesseraRepository.kt, C:\Tessera\app\src\main\java\com\example\FinanceScreen.kt, C:\Tessera\app\src\main\java\com\example\GoalsScreen.kt, C:\Tessera\app\src\main\java\com\example\health\HealthConnectManager.kt, C:\Tessera\app\src\main\java\com\example\HealthScreen.kt, C:\Tessera\app\src\main\java\com\example\LocalLLMManager.kt, C:\Tessera\app\src\main\java\com\example\MainActivity.kt, C:\Tessera\app\src\main\java\com\example\MarketScreen.kt, C:\Tessera\app\src\main\java\com\example\notifications\AlarmScheduler.kt, C:\Tessera\app\src\main\java\com\example\notifications\BootReceiver.kt, C:\Tessera\app\src\main\java\com\example\notifications\MedicationReceiver.kt, C:\Tessera\app\src\main\java\com\example\notifications\NotificationHelper.kt, C:\Tessera\app\src\main\java\com\example\OnboardingScreen.kt, C:\Tessera\app\src\main\java\com\example\PetzScreen.kt, C:\Tessera\app\src\main\java\com\example\PomodoroScreen.kt, C:\Tessera\app\src\main\java\com\example\SettingsScreen.kt, C:\Tessera\app\src\main\java\com\example\ui\components\AnimatedBounceModifier.kt, C:\Tessera\app\src\main\java\com\example\ui\components\SharedComponents.kt, C:\Tessera\app\src\main\java\com\example\ui\theme\Color.kt, C:\Tessera\app\src\main\java\com\example\ui\theme\Theme.kt, C:\Tessera\app\src\main\java\com\example\ui\theme\Type.kt, C:\Tessera\app\src\main\java\com\example\viewmodel\PetViewModel.kt, C:\Tessera\app\src\main\java\com\example\viewmodel\TesseraViewModel.kt, C:\Tessera\app\src\main\java\com\example\widget\DailyGlanceWidget.kt, C:\Tessera\app\src\main\java\com\example\widget\FinanceGlanceWidget.kt, C:\Tessera\app\src\main\java\com\example\widget\GoalsGlanceWidget.kt, C:\Tessera\app\src\main\java\com\example\widget\HealthGlanceWidget.kt, C:\Tessera\app\src\main\java\com\example\widget\MarketGlanceWidget.kt, C:\Tessera\app\src\main\java\com\example\widget\NewWidgetReceivers.kt, C:\Tessera\app\src\main\java\com\example\widget\PetsGlanceWidget.kt, C:\Tessera\app\src\main\java\com\example\widget\TesseraGlanceWidget.kt, C:\Tessera\app\src\main\java\com\example\widget\TesseraWidgetReceiver.kt, C:\Tessera\app\src\main\java\com\tessera\app\data\local\AppDatabase.kt, C:\Tessera\app\src\main\java\com\tessera\app\data\local\dao\TesseraDao.kt, C:\Tessera\app\src\main\java\com\tessera\app\data\local\entity\FinanceEntity.kt, C:\Tessera\app\src\main\java\com\tessera\app\data\local\entity\GoalEntity.kt, C:\Tessera\app\src\main\java\com\tessera\app\data\local\entity\HealthEntity.kt, C:\Tessera\app\src\main\java\com\tessera\app\data\local\entity\MarketItemEntity.kt, C:\Tessera\app\src\main\java\com\tessera\app\data\local\entity\PetRoutineEntity.kt, C:\Tessera\app\src\main\java\com\tessera\app\ui\viewmodel\HomeViewModel.kt, C:\Tessera\app\src\main\java\com\tessera\app\utils\BackupHelper.kt, C:\Tessera\app\build\generated\ksp\debug\kotlin\com\example\data\AppDatabase_Impl.kt, C:\Tessera\app\build\generated\ksp\debug\kotlin\com\example\data\TesseraDao_Impl.kt, C:\Tessera\app\build\generated\ksp\debug\kotlin\com\tessera\app\data\local\AppDatabase_Impl.kt, C:\Tessera\app\build\generated\ksp\debug\kotlin\com\tessera\app\data\local\dao\TesseraDao_Impl.kt
Java source files: C:\Tessera\app\build\generated\source\buildConfig\debug\com\example\BuildConfig.java
Script source files: 
Script file extensions: 
Using Kotlin/JVM incremental compilation
[KOTLIN] Kotlin compilation 'jdkHome' argument: C:\Program Files\Android\Android Studio\jbr
Finished executing kotlin compiler using IN_PROCESS strategy
w: file:///C:/Tessera/app/src/main/java/com/example/ApartmentScreen.kt:46:36 'val Icons.Filled.ArrowBack: ImageVector' is deprecated. Use the AutoMirrored version at Icons.AutoMirrored.Filled.ArrowBack.
w: file:///C:/Tessera/app/src/main/java/com/example/ChronosScreen.kt:64:26 'constructor(p0: Int, p1: Int, p2: Int, p3: Int, p4: Int, p5: Int): AudioTrack' is deprecated. Deprecated in Java.
w: file:///C:/Tessera/app/src/main/java/com/example/ChronosScreen.kt:975:79 'val Icons.Outlined.VolumeUp: ImageVector' is deprecated. Use the AutoMirrored version at Icons.AutoMirrored.Outlined.VolumeUp.
w: file:///C:/Tessera/app/src/main/java/com/example/ChronosScreen.kt:975:108 'val Icons.Outlined.VolumeMute: ImageVector' is deprecated. Use the AutoMirrored version at Icons.AutoMirrored.Outlined.VolumeMute.
w: file:///C:/Tessera/app/src/main/java/com/example/ChronosScreen.kt:1052:38 'val Icons.Outlined.MenuBook: ImageVector' is deprecated. Use the AutoMirrored version at Icons.AutoMirrored.Outlined.MenuBook.
w: file:///C:/Tessera/app/src/main/java/com/example/DailyScreen.kt:104:76 'constructor(p0: String!, p1: String!): Locale' is deprecated. Deprecated in Java.
w: file:///C:/Tessera/app/src/main/java/com/example/DailyScreen.kt:334:105 'constructor(p0: String!, p1: String!): Locale' is deprecated. Deprecated in Java.
w: file:///C:/Tessera/app/src/main/java/com/example/DailyScreen.kt:357:136 'constructor(p0: String!, p1: String!): Locale' is deprecated. Deprecated in Java.
w: file:///C:/Tessera/app/src/main/java/com/example/FinanceScreen.kt:363:76 'constructor(p0: String!, p1: String!): Locale' is deprecated. Deprecated in Java.
w: file:///C:/Tessera/app/src/main/java/com/example/FinanceScreen.kt:372:99 'constructor(p0: String!, p1: String!): Locale' is deprecated. Deprecated in Java.
w: file:///C:/Tessera/app/src/main/java/com/example/FinanceScreen.kt:402:92 'constructor(p0: String!, p1: String!): Locale' is deprecated. Deprecated in Java.
w: file:///C:/Tessera/app/src/main/java/com/example/FinanceScreen.kt:422:92 'constructor(p0: String!, p1: String!): Locale' is deprecated. Deprecated in Java.
w: file:///C:/Tessera/app/src/main/java/com/example/FinanceScreen.kt:442:92 'constructor(p0: String!, p1: String!): Locale' is deprecated. Deprecated in Java.
w: file:///C:/Tessera/app/src/main/java/com/example/FinanceScreen.kt:654:62 'constructor(p0: String!, p1: String!): Locale' is deprecated. Deprecated in Java.
w: file:///C:/Tessera/app/src/main/java/com/example/FinanceScreen.kt:793:58 'constructor(p0: String!, p1: String!): Locale' is deprecated. Deprecated in Java.
w: file:///C:/Tessera/app/src/main/java/com/example/FinanceScreen.kt:886:40 'constructor(p0: String!, p1: String!): Locale' is deprecated. Deprecated in Java.
w: file:///C:/Tessera/app/src/main/java/com/example/FinanceScreen.kt:891:40 'constructor(p0: String!, p1: String!): Locale' is deprecated. Deprecated in Java.
w: file:///C:/Tessera/app/src/main/java/com/example/FinanceScreen.kt:1102:48 'constructor(p0: String!, p1: String!): Locale' is deprecated. Deprecated in Java.
w: file:///C:/Tessera/app/src/main/java/com/example/FinanceScreen.kt:1292:46 'constructor(p0: String!, p1: String!): Locale' is deprecated. Deprecated in Java.
w: file:///C:/Tessera/app/src/main/java/com/example/FinanceScreen.kt:1406:73 'val Icons.Outlined.Label: ImageVector' is deprecated. Use the AutoMirrored version at Icons.AutoMirrored.Outlined.Label.
w: file:///C:/Tessera/app/src/main/java/com/example/FinanceScreen.kt:1995:60 'constructor(p0: String!, p1: String!): Locale' is deprecated. Deprecated in Java.
w: file:///C:/Tessera/app/src/main/java/com/example/FinanceScreen.kt:2040:60 'constructor(p0: String!, p1: String!): Locale' is deprecated. Deprecated in Java.
w: file:///C:/Tessera/app/src/main/java/com/example/FinanceScreen.kt:2507:64 'constructor(p0: String!, p1: String!): Locale' is deprecated. Deprecated in Java.
w: file:///C:/Tessera/app/src/main/java/com/example/GoalsScreen.kt:410:38 'val Icons.Outlined.MenuBook: ImageVector' is deprecated. Use the AutoMirrored version at Icons.AutoMirrored.Outlined.MenuBook.
w: file:///C:/Tessera/app/src/main/java/com/example/GoalsScreen.kt:566:50 'constructor(p0: String!, p1: String!): Locale' is deprecated. Deprecated in Java.
w: file:///C:/Tessera/app/src/main/java/com/example/GoalsScreen.kt:567:49 'constructor(p0: String!, p1: String!): Locale' is deprecated. Deprecated in Java.
w: file:///C:/Tessera/app/src/main/java/com/example/GoalsScreen.kt:816:38 'val Icons.Outlined.MenuBook: ImageVector' is deprecated. Use the AutoMirrored version at Icons.AutoMirrored.Outlined.MenuBook.
w: file:///C:/Tessera/app/src/main/java/com/example/GoalsScreen.kt:904:38 'val Icons.Outlined.MenuBook: ImageVector' is deprecated. Use the AutoMirrored version at Icons.AutoMirrored.Outlined.MenuBook.
w: file:///C:/Tessera/app/src/main/java/com/example/HealthScreen.kt:1149:41 'val Icons.Outlined.DirectionsWalk: ImageVector' is deprecated. Use the AutoMirrored version at Icons.AutoMirrored.Outlined.DirectionsWalk.
w: file:///C:/Tessera/app/src/main/java/com/example/MainActivity.kt:1128:48 'val Icons.Outlined.DirectionsWalk: ImageVector' is deprecated. Use the AutoMirrored version at Icons.AutoMirrored.Outlined.DirectionsWalk.
w: file:///C:/Tessera/app/src/main/java/com/example/MainActivity.kt:1132:54 'constructor(p0: String!, p1: String!): Locale' is deprecated. Deprecated in Java.
w: file:///C:/Tessera/app/src/main/java/com/example/MainActivity.kt:2007:39 'val Icons.Outlined.DirectionsWalk: ImageVector' is deprecated. Use the AutoMirrored version at Icons.AutoMirrored.Outlined.DirectionsWalk.
w: file:///C:/Tessera/app/src/main/java/com/example/MainActivity.kt:2016:64 'constructor(p0: String!, p1: String!): Locale' is deprecated. Deprecated in Java.
w: file:///C:/Tessera/app/src/main/java/com/example/MainActivity.kt:2023:73 'constructor(p0: String!, p1: String!): Locale' is deprecated. Deprecated in Java.
w: file:///C:/Tessera/app/src/main/java/com/example/MainActivity.kt:2364:62 'val Icons.Outlined.MenuBook: ImageVector' is deprecated. Use the AutoMirrored version at Icons.AutoMirrored.Outlined.MenuBook.
w: file:///C:/Tessera/app/src/main/java/com/example/MainActivity.kt:2689:57 'val Icons.Filled.ArrowForward: ImageVector' is deprecated. Use the AutoMirrored version at Icons.AutoMirrored.Filled.ArrowForward.
w: file:///C:/Tessera/app/src/main/java/com/example/MainActivity.kt:2742:80 'constructor(p0: String!, p1: String!): Locale' is deprecated. Deprecated in Java.
w: file:///C:/Tessera/app/src/main/java/com/example/MainActivity.kt:3023:54 'constructor(p0: String!, p1: String!): Locale' is deprecated. Deprecated in Java.
w: file:///C:/Tessera/app/src/main/java/com/example/MainActivity.kt:3045:58 'constructor(p0: String!, p1: String!): Locale' is deprecated. Deprecated in Java.
w: file:///C:/Tessera/app/src/main/java/com/example/MainActivity.kt:3062:58 'constructor(p0: String!, p1: String!): Locale' is deprecated. Deprecated in Java.
w: file:///C:/Tessera/app/src/main/java/com/example/MainActivity.kt:3195:74 'constructor(p0: String!, p1: String!): Locale' is deprecated. Deprecated in Java.
w: file:///C:/Tessera/app/src/main/java/com/example/MainActivity.kt:3200:74 'constructor(p0: String!, p1: String!): Locale' is deprecated. Deprecated in Java.
w: file:///C:/Tessera/app/src/main/java/com/example/MainActivity.kt:3797:105 'constructor(p0: String!, p1: String!): Locale' is deprecated. Deprecated in Java.
w: file:///C:/Tessera/app/src/main/java/com/example/MainActivity.kt:4156:106 'constructor(p0: String!, p1: String!): Locale' is deprecated. Deprecated in Java.
w: file:///C:/Tessera/app/src/main/java/com/example/MarketScreen.kt:73:40 'constructor(p0: String!, p1: String!): Locale' is deprecated. Deprecated in Java.
w: file:///C:/Tessera/app/src/main/java/com/example/MarketScreen.kt:442:40 'constructor(p0: String!, p1: String!): Locale' is deprecated. Deprecated in Java.
w: file:///C:/Tessera/app/src/main/java/com/example/MarketScreen.kt:443:40 'constructor(p0: String!, p1: String!): Locale' is deprecated. Deprecated in Java.
w: file:///C:/Tessera/app/src/main/java/com/example/MarketScreen.kt:446:23 'constructor(p0: String!, p1: String!): Locale' is deprecated. Deprecated in Java.
w: file:///C:/Tessera/app/src/main/java/com/example/MarketScreen.kt:448:23 'constructor(p0: String!, p1: String!): Locale' is deprecated. Deprecated in Java.
w: file:///C:/Tessera/app/src/main/java/com/example/MarketScreen.kt:451:91 'constructor(p0: String!, p1: String!): Locale' is deprecated. Deprecated in Java.
w: file:///C:/Tessera/app/src/main/java/com/example/MarketScreen.kt:452:69 'constructor(p0: String!, p1: String!): Locale' is deprecated. Deprecated in Java.
w: file:///C:/Tessera/app/src/main/java/com/example/PomodoroScreen.kt:102:26 'constructor(p0: Int, p1: Int, p2: Int, p3: Int, p4: Int, p5: Int): AudioTrack' is deprecated. Deprecated in Java.
w: file:///C:/Tessera/app/src/main/java/com/example/PomodoroScreen.kt:337:74 'val Icons.Outlined.VolumeUp: ImageVector' is deprecated. Use the AutoMirrored version at Icons.AutoMirrored.Outlined.VolumeUp.
w: file:///C:/Tessera/app/src/main/java/com/example/PomodoroScreen.kt:337:103 'val Icons.Outlined.VolumeMute: ImageVector' is deprecated. Use the AutoMirrored version at Icons.AutoMirrored.Outlined.VolumeMute.
w: file:///C:/Tessera/app/src/main/java/com/example/PomodoroScreen.kt:519:74 'val Icons.Outlined.VolumeUp: ImageVector' is deprecated. Use the AutoMirrored version at Icons.AutoMirrored.Outlined.VolumeUp.
w: file:///C:/Tessera/app/src/main/java/com/example/PomodoroScreen.kt:519:103 'val Icons.Outlined.VolumeMute: ImageVector' is deprecated. Use the AutoMirrored version at Icons.AutoMirrored.Outlined.VolumeMute.
w: file:///C:/Tessera/app/src/main/java/com/example/data/AppDatabase.kt:66:18 'fun fallbackToDestructiveMigration(): RoomDatabase.Builder<AppDatabase>' is deprecated. Replace by overloaded version with parameter to indicate if all tables should be dropped or not.
w: file:///C:/Tessera/app/src/main/java/com/example/widget/DailyGlanceWidget.kt:101:76 'constructor(p0: String!, p1: String!): Locale' is deprecated. Deprecated in Java.
w: file:///C:/Tessera/app/src/main/java/com/example/widget/DailyGlanceWidget.kt:170:49 'constructor(p0: String!, p1: String!): Locale' is deprecated. Deprecated in Java.
w: file:///C:/Tessera/app/src/main/java/com/example/widget/FinanceGlanceWidget.kt:96:40 'constructor(p0: String!, p1: String!): Locale' is deprecated. Deprecated in Java.
w: file:///C:/Tessera/app/src/main/java/com/example/widget/FinanceGlanceWidget.kt:108:42 'constructor(p0: String!, p1: String!): Locale' is deprecated. Deprecated in Java.
w: file:///C:/Tessera/app/src/main/java/com/example/widget/FinanceGlanceWidget.kt:112:42 'constructor(p0: String!, p1: String!): Locale' is deprecated. Deprecated in Java.
w: file:///C:/Tessera/app/src/main/java/com/example/widget/HealthGlanceWidget.kt:174:42 'constructor(p0: String!, p1: String!): Locale' is deprecated. Deprecated in Java.
Invalidating in-memory cache of C:\Tessera\.gradle\9.3.1\fileHashes\fileHashes.bin
Invalidating in-memory cache of C:\Tessera\.gradle\9.3.1\fileHashes\resourceHashesCache.bin
Invalidating in-memory cache of C:\Users\kenne\.gradle\caches\journal-1\file-access.bin
Stored cache entry for task ':app:compileDebugKotlin' with cache key 1c77b15323c7ee47760f9bf9fe779ab5
Invalidating in-memory cache of C:\Tessera\.gradle\9.3.1\executionHistory\executionHistory.bin
Invalidating in-memory cache of C:\Tessera\.gradle\buildOutputCleanup\outputFiles.bin
Build 3891f36e-03b9-4fd6-8a71-1afc1020ded4 is closed

BUILD SUCCESSFUL in 10m 8s
8 actionable tasks: 1 executed, 7 up-to-date
Watched directory hierarchies: [C:\Tessera]
Configuration cache entry reused.
